C:\Users\Harini\OneDrive\Desktop\Entity Management Backend\src\main\java\com\aibilling\AiBillingApplication.java
C:\Users\Harini\OneDrive\Desktop\Entity Management Backend\src\main\java\com\aibilling\audit\BaseEntity.java
C:\Users\Harini\OneDrive\Desktop\Entity Management Backend\src\main\java\com\aibilling\common\constants\AppConstants.java
C:\Users\Harini\OneDrive\Desktop\Entity Management Backend\src\main\java\com\aibilling\common\dto\ApiResponse.java
C:\Users\Harini\OneDrive\Desktop\Entity Management Backend\src\main\java\com\aibilling\common\dto\PageResponse.java
C:\Users\Harini\OneDrive\Desktop\Entity Management Backend\src\main\java\com\aibilling\common\enums\Status.java
C:\Users\Harini\OneDrive\Desktop\Entity Management Backend\src\main\java\com\aibilling\common\repository\BaseRepository.java
C:\Users\Harini\OneDrive\Desktop\Entity Management Backend\src\main\java\com\aibilling\common\service\BaseService.java
C:\Users\Harini\OneDrive\Desktop\Entity Management Backend\src\main\java\com\aibilling\common\service\impl\BaseServiceImpl.java
C:\Users\Harini\OneDrive\Desktop\Entity Management Backend\src\main\java\com\aibilling\config\JpaAuditingConfig.java
C:\Users\Harini\OneDrive\Desktop\Entity Management Backend\src\main\java\com\aibilling\config\OpenApiConfig.java
C:\Users\Harini\OneDrive\Desktop\Entity Management Backend\src\main\java\com\aibilling\entity\controller\v1\EntityController.java
C:\Users\Harini\OneDrive\Desktop\Entity Management Backend\src\main\java\com\aibilling\entity\dto\EntityCreateRequest.java
C:\Users\Harini\OneDrive\Desktop\Entity Management Backend\src\main\java\com\aibilling\entity\dto\EntityRequestDto.java
C:\Users\Harini\OneDrive\Desktop\Entity Management Backend\src\main\java\com\aibilling\entity\dto\EntityResponse.java
C:\Users\Harini\OneDrive\Desktop\Entity Management Backend\src\main\java\com\aibilling\entity\dto\EntityUpdateRequest.java
C:\Users\Harini\OneDrive\Desktop\Entity Management Backend\src\main\java\com\aibilling\entity\dto\OrganizationDetailsDto.java
C:\Users\Harini\OneDrive\Desktop\Entity Management Backend\src\main\java\com\aibilling\entity\dto\PersonDetailsDto.java
C:\Users\Harini\OneDrive\Desktop\Entity Management Backend\src\main\java\com\aibilling\entity\dto\validation\EntityRequestValidator.java
C:\Users\Harini\OneDrive\Desktop\Entity Management Backend\src\main\java\com\aibilling\entity\dto\validation\ValidEntityRequest.java
C:\Users\Harini\OneDrive\Desktop\Entity Management Backend\src\main\java\com\aibilling\entity\mapper\EntityMapper.java
C:\Users\Harini\OneDrive\Desktop\Entity Management Backend\src\main\java\com\aibilling\entity\model\Entity.java
C:\Users\Harini\OneDrive\Desktop\Entity Management Backend\src\main\java\com\aibilling\entity\model\EntityCategory.java
C:\Users\Harini\OneDrive\Desktop\Entity Management Backend\src\main\java\com\aibilling\entity\model\EntityDetails.java
C:\Users\Harini\OneDrive\Desktop\Entity Management Backend\src\main\java\com\aibilling\entity\model\EntityTypeMapping.java
C:\Users\Harini\OneDrive\Desktop\Entity Management Backend\src\main\java\com\aibilling\entity\package-info.java
C:\Users\Harini\OneDrive\Desktop\Entity Management Backend\src\main\java\com\aibilling\entity\repository\EntityRepository.java
C:\Users\Harini\OneDrive\Desktop\Entity Management Backend\src\main\java\com\aibilling\entity\service\EntityService.java
C:\Users\Harini\OneDrive\Desktop\Entity Management Backend\src\main\java\com\aibilling\entity\service\impl\EntityServiceImpl.java
C:\Users\Harini\OneDrive\Desktop\Entity Management Backend\src\main\java\com\aibilling\exception\BusinessException.java
C:\Users\Harini\OneDrive\Desktop\Entity Management Backend\src\main\java\com\aibilling\exception\DuplicateResourceException.java
C:\Users\Harini\OneDrive\Desktop\Entity Management Backend\src\main\java\com\aibilling\exception\ErrorResponse.java
C:\Users\Harini\OneDrive\Desktop\Entity Management Backend\src\main\java\com\aibilling\exception\GlobalExceptionHandler.java
C:\Users\Harini\OneDrive\Desktop\Entity Management Backend\src\main\java\com\aibilling\exception\ResourceNotFoundException.java
C:\Users\Harini\OneDrive\Desktop\Entity Management Backend\src\main\java\com\aibilling\security\AuditorAwareImpl.java
C:\Users\Harini\OneDrive\Desktop\Entity Management Backend\src\main\java\com\aibilling\setup\controller\v1\BillingCycleController.java
C:\Users\Harini\OneDrive\Desktop\Entity Management Backend\src\main\java\com\aibilling\setup\controller\v1\ContactTypeController.java
C:\Users\Harini\OneDrive\Desktop\Entity Management Backend\src\main\java\com\aibilling\setup\controller\v1\EntityTypeController.java
C:\Users\Harini\OneDrive\Desktop\Entity Management Backend\src\main\java\com\aibilling\setup\controller\v1\PaymentTermController.java
C:\Users\Harini\OneDrive\Desktop\Entity Management Backend\src\main\java\com\aibilling\setup\controller\v1\RelationshipTypeController.java
C:\Users\Harini\OneDrive\Desktop\Entity Management Backend\src\main\java\com\aibilling\setup\controller\v1\SiteUseController.java
C:\Users\Harini\OneDrive\Desktop\Entity Management Backend\src\main\java\com\aibilling\setup\dto\BillingCycleCreateRequest.java
C:\Users\Harini\OneDrive\Desktop\Entity Management Backend\src\main\java\com\aibilling\setup\dto\BillingCycleResponse.java
C:\Users\Harini\OneDrive\Desktop\Entity Management Backend\src\main\java\com\aibilling\setup\dto\BillingCycleUpdateRequest.java
C:\Users\Harini\OneDrive\Desktop\Entity Management Backend\src\main\java\com\aibilling\setup\dto\ContactTypeCreateRequest.java
C:\Users\Harini\OneDrive\Desktop\Entity Management Backend\src\main\java\com\aibilling\setup\dto\ContactTypeResponse.java
C:\Users\Harini\OneDrive\Desktop\Entity Management Backend\src\main\java\com\aibilling\setup\dto\ContactTypeUpdateRequest.java
C:\Users\Harini\OneDrive\Desktop\Entity Management Backend\src\main\java\com\aibilling\setup\dto\EntityTypeCreateRequest.java
C:\Users\Harini\OneDrive\Desktop\Entity Management Backend\src\main\java\com\aibilling\setup\dto\EntityTypeResponse.java
C:\Users\Harini\OneDrive\Desktop\Entity Management Backend\src\main\java\com\aibilling\setup\dto\EntityTypeUpdateRequest.java
C:\Users\Harini\OneDrive\Desktop\Entity Management Backend\src\main\java\com\aibilling\setup\dto\LookupResponse.java
C:\Users\Harini\OneDrive\Desktop\Entity Management Backend\src\main\java\com\aibilling\setup\dto\PaymentTermCreateRequest.java
C:\Users\Harini\OneDrive\Desktop\Entity Management Backend\src\main\java\com\aibilling\setup\dto\PaymentTermResponse.java
C:\Users\Harini\OneDrive\Desktop\Entity Management Backend\src\main\java\com\aibilling\setup\dto\PaymentTermUpdateRequest.java
C:\Users\Harini\OneDrive\Desktop\Entity Management Backend\src\main\java\com\aibilling\setup\dto\RelationshipTypeCreateRequest.java
C:\Users\Harini\OneDrive\Desktop\Entity Management Backend\src\main\java\com\aibilling\setup\dto\RelationshipTypeResponse.java
C:\Users\Harini\OneDrive\Desktop\Entity Management Backend\src\main\java\com\aibilling\setup\dto\RelationshipTypeUpdateRequest.java
C:\Users\Harini\OneDrive\Desktop\Entity Management Backend\src\main\java\com\aibilling\setup\dto\SiteUseCreateRequest.java
C:\Users\Harini\OneDrive\Desktop\Entity Management Backend\src\main\java\com\aibilling\setup\dto\SiteUseResponse.java
C:\Users\Harini\OneDrive\Desktop\Entity Management Backend\src\main\java\com\aibilling\setup\dto\SiteUseUpdateRequest.java
C:\Users\Harini\OneDrive\Desktop\Entity Management Backend\src\main\java\com\aibilling\setup\mapper\BillingCycleMapper.java
C:\Users\Harini\OneDrive\Desktop\Entity Management Backend\src\main\java\com\aibilling\setup\mapper\ContactTypeMapper.java
C:\Users\Harini\OneDrive\Desktop\Entity Management Backend\src\main\java\com\aibilling\setup\mapper\EntityTypeMapper.java
C:\Users\Harini\OneDrive\Desktop\Entity Management Backend\src\main\java\com\aibilling\setup\mapper\PaymentTermMapper.java
C:\Users\Harini\OneDrive\Desktop\Entity Management Backend\src\main\java\com\aibilling\setup\mapper\RelationshipTypeMapper.java
C:\Users\Harini\OneDrive\Desktop\Entity Management Backend\src\main\java\com\aibilling\setup\mapper\SiteUseMapper.java
C:\Users\Harini\OneDrive\Desktop\Entity Management Backend\src\main\java\com\aibilling\setup\model\BillingCycle.java
C:\Users\Harini\OneDrive\Desktop\Entity Management Backend\src\main\java\com\aibilling\setup\model\ContactType.java
C:\Users\Harini\OneDrive\Desktop\Entity Management Backend\src\main\java\com\aibilling\setup\model\EntityType.java
C:\Users\Harini\OneDrive\Desktop\Entity Management Backend\src\main\java\com\aibilling\setup\model\PaymentTerm.java
C:\Users\Harini\OneDrive\Desktop\Entity Management Backend\src\main\java\com\aibilling\setup\model\RelationshipType.java
C:\Users\Harini\OneDrive\Desktop\Entity Management Backend\src\main\java\com\aibilling\setup\model\SiteUse.java
C:\Users\Harini\OneDrive\Desktop\Entity Management Backend\src\main\java\com\aibilling\setup\package-info.java
C:\Users\Harini\OneDrive\Desktop\Entity Management Backend\src\main\java\com\aibilling\setup\repository\BillingCycleRepository.java
C:\Users\Harini\OneDrive\Desktop\Entity Management Backend\src\main\java\com\aibilling\setup\repository\ContactTypeRepository.java
C:\Users\Harini\OneDrive\Desktop\Entity Management Backend\src\main\java\com\aibilling\setup\repository\EntityTypeRepository.java
C:\Users\Harini\OneDrive\Desktop\Entity Management Backend\src\main\java\com\aibilling\setup\repository\PaymentTermRepository.java
C:\Users\Harini\OneDrive\Desktop\Entity Management Backend\src\main\java\com\aibilling\setup\repository\RelationshipTypeRepository.java
C:\Users\Harini\OneDrive\Desktop\Entity Management Backend\src\main\java\com\aibilling\setup\repository\SiteUseRepository.java
C:\Users\Harini\OneDrive\Desktop\Entity Management Backend\src\main\java\com\aibilling\setup\service\BillingCycleService.java
C:\Users\Harini\OneDrive\Desktop\Entity Management Backend\src\main\java\com\aibilling\setup\service\ContactTypeService.java
C:\Users\Harini\OneDrive\Desktop\Entity Management Backend\src\main\java\com\aibilling\setup\service\EntityTypeService.java
C:\Users\Harini\OneDrive\Desktop\Entity Management Backend\src\main\java\com\aibilling\setup\service\impl\BillingCycleServiceImpl.java
C:\Users\Harini\OneDrive\Desktop\Entity Management Backend\src\main\java\com\aibilling\setup\service\impl\ContactTypeServiceImpl.java
C:\Users\Harini\OneDrive\Desktop\Entity Management Backend\src\main\java\com\aibilling\setup\service\impl\EntityTypeServiceImpl.java
C:\Users\Harini\OneDrive\Desktop\Entity Management Backend\src\main\java\com\aibilling\setup\service\impl\PaymentTermServiceImpl.java
C:\Users\Harini\OneDrive\Desktop\Entity Management Backend\src\main\java\com\aibilling\setup\service\impl\RelationshipTypeServiceImpl.java
C:\Users\Harini\OneDrive\Desktop\Entity Management Backend\src\main\java\com\aibilling\setup\service\impl\SiteUseServiceImpl.java
C:\Users\Harini\OneDrive\Desktop\Entity Management Backend\src\main\java\com\aibilling\setup\service\PaymentTermService.java
C:\Users\Harini\OneDrive\Desktop\Entity Management Backend\src\main\java\com\aibilling\setup\service\RelationshipTypeService.java
C:\Users\Harini\OneDrive\Desktop\Entity Management Backend\src\main\java\com\aibilling\setup\service\SiteUseService.java
